// Jest Snapshot v1, https://goo.gl/fbAQLP

exports[`render DirectionGuide component renders a play image 1`] = `undefined`;
