// Jest Snapshot v1, https://goo.gl/fbAQLP

exports[`AudioCallPracticePage renders a singing image 1`] = `undefined`;
