// Jest Snapshot v1, https://goo.gl/fbAQLP

exports[`AudioCallPracticePage renders a Play Button 1`] = `undefined`;
